
=================================================
Time    : 2026-07-19T08:24:41.181Z
Context : updateUser
Message : data and salt arguments required
Stack   :
Error: data and salt arguments required
    at Object.hash (/home/backend2/sites/sectiones/node_modules/bcrypt/bcrypt.js:133:17)
    at /home/backend2/sites/sectiones/node_modules/bcrypt/promises.js:26:12
    at new Promise (<anonymous>)
    at Object.promise (/home/backend2/sites/sectiones/node_modules/bcrypt/promises.js:17:12)
    at Object.hash (/home/backend2/sites/sectiones/node_modules/bcrypt/bcrypt.js:129:25)
    at Module.updateUser (/home/backend2/sites/sectiones/.next/dev/server/chunks/ssr/_041n5wq._.js:162:196)
    at update (/home/backend2/sites/sectiones/.next/dev/server/chunks/ssr/_041n5wq._.js:280:202)
    at /home/backend2/sites/sectiones/node_modules/next/dist/compiled/next-server/app-page-turbo.runtime.dev.js:64:5340
    at AsyncLocalStorage.run (node:internal/async_local_storage/async_hooks:91:14)
    at executeActionAndPrepareForRender (/home/backend2/sites/sectiones/node_modules/next/dist/compiled/next-server/app-page-turbo.runtime.dev.js:64:5312)
    at /home/backend2/sites/sectiones/node_modules/next/dist/compiled/next-server/app-page-turbo.runtime.dev.js:64:1992
    at process.processTicksAndRejections (node:internal/process/task_queues:103:5)
    at async handleAction (/home/backend2/sites/sectiones/node_modules/next/dist/compiled/next-server/app-page-turbo.runtime.dev.js:62:25687)
    at async renderToHTMLOrFlightImpl (/home/backend2/sites/sectiones/node_modules/next/dist/compiled/next-server/app-page-turbo.runtime.dev.js:69:55695)
    at async doRender (/home/backend2/sites/sectiones/.next/dev/server/chunks/ssr/node_modules_next_dist_06f-hqn._.js:5170:28)
    at async AppPageRouteModule.handleResponse (/home/backend2/sites/sectiones/node_modules/next/dist/compiled/next-server/app-page-turbo.runtime.dev.js:71:66429)
    at async handleResponse (/home/backend2/sites/sectiones/.next/dev/server/chunks/ssr/node_modules_next_dist_06f-hqn._.js:5481:32)
    at async Module.handler (/home/backend2/sites/sectiones/.next/dev/server/chunks/ssr/node_modules_next_dist_06f-hqn._.js:5887:20)
    at async DevServer.renderToResponseWithComponentsImpl (/home/backend2/sites/sectiones/node_modules/next/dist/server/base-server.js:1462:9)
    at async DevServer.renderPageComponent (/home/backend2/sites/sectiones/node_modules/next/dist/server/base-server.js:1514:24)
    at async DevServer.renderToResponseImpl (/home/backend2/sites/sectiones/node_modules/next/dist/server/base-server.js:1564:32)
    at async DevServer.pipeImpl (/home/backend2/sites/sectiones/node_modules/next/dist/server/base-server.js:1044:25)
    at async NextNodeServer.handleCatchallRenderRequest (/home/backend2/sites/sectiones/node_modules/next/dist/server/next-server.js:338:17)
    at async DevServer.handleRequestImpl (/home/backend2/sites/sectiones/node_modules/next/dist/server/base-server.js:935:17)
    at async /home/backend2/sites/sectiones/node_modules/next/dist/server/dev/next-dev-server.js:394:20
    at async Span.traceAsyncFn (/home/backend2/sites/sectiones/node_modules/next/dist/trace/trace.js:164:20)
    at async DevServer.handleRequest (/home/backend2/sites/sectiones/node_modules/next/dist/server/dev/next-dev-server.js:390:24)
    at async invokeRender (/home/backend2/sites/sectiones/node_modules/next/dist/server/lib/router-server.js:266:21)
    at async handleRequest (/home/backend2/sites/sectiones/node_modules/next/dist/server/lib/router-server.js:465:24)
    at async requestHandlerImpl (/home/backend2/sites/sectiones/node_modules/next/dist/server/lib/router-server.js:514:13)
    at async Server.requestListener (/home/backend2/sites/sectiones/node_modules/next/dist/server/lib/start-server.js:225:13)


=================================================
Time    : 2026-07-19T17:29:41.258Z
Context : rolePermissionUpsert
Message : 
Invalid `prisma.rolePermission.createMany()` invocation:

{
  data: [
    {
      role_id: 2,
      permission_id: NaN,
      can_create: true,
      can_read: true,
      can_update: false,
      can_delete: false
    },
    {
      role_id: 2,
      permission_id: NaN,
      can_create: false,
      can_read: true,
      can_update: false,
      can_delete: false
    },
    {
      role_id: 2,
      permission_id: NaN,
      can_create: false,
      can_read: false,
      can_update: false,
      can_delete: false
    },
    {
      role_id: 2,
      permission_id: NaN,
      can_create: false,
      can_read: false,
      can_update: false,
      can_delete: false
    },
    {
      role_id: 2,
      permission_id: NaN,
      can_create: false,
      can_read: false,
      can_update: false,
      can_delete: false
    },
    {
      role_id: 2,
      permission_id: NaN,
      can_create: false,
      can_read: false,
      can_update: false,
      can_delete: false
    },
    {
      role_id: 2,
      permission_id: NaN,
      can_create: false,
      can_read: false,
      can_update: false,
      can_delete: false
    },
    {
      role_id: 2,
      permission_id: NaN,
      can_create: false,
      can_read: false,
      can_update: false,
      can_delete: false
    },
    {
      role_id: 2,
      permission_id: NaN,
      can_create: false,
      can_read: false,
      can_update: false,
      can_delete: false
    },
    {
      role_id: 2,
      permission_id: NaN,
      can_create: false,
      can_read: false,
      can_update: false,
      can_delete: false
    }
  ]
}

Argument `permission_id` is missing.
Stack   :
PrismaClientValidationError: 
Invalid `prisma.rolePermission.createMany()` invocation:

{
  data: [
    {
      role_id: 2,
      permission_id: NaN,
      can_create: true,
      can_read: true,
      can_update: false,
      can_delete: false
    },
    {
      role_id: 2,
      permission_id: NaN,
      can_create: false,
      can_read: true,
      can_update: false,
      can_delete: false
    },
    {
      role_id: 2,
      permission_id: NaN,
      can_create: false,
      can_read: false,
      can_update: false,
      can_delete: false
    },
    {
      role_id: 2,
      permission_id: NaN,
      can_create: false,
      can_read: false,
      can_update: false,
      can_delete: false
    },
    {
      role_id: 2,
      permission_id: NaN,
      can_create: false,
      can_read: false,
      can_update: false,
      can_delete: false
    },
    {
      role_id: 2,
      permission_id: NaN,
      can_create: false,
      can_read: false,
      can_update: false,
      can_delete: false
    },
    {
      role_id: 2,
      permission_id: NaN,
      can_create: false,
      can_read: false,
      can_update: false,
      can_delete: false
    },
    {
      role_id: 2,
      permission_id: NaN,
      can_create: false,
      can_read: false,
      can_update: false,
      can_delete: false
    },
    {
      role_id: 2,
      permission_id: NaN,
      can_create: false,
      can_read: false,
      can_update: false,
      can_delete: false
    },
    {
      role_id: 2,
      permission_id: NaN,
      can_create: false,
      can_read: false,
      can_update: false,
      can_delete: false
    }
  ]
}

Argument `permission_id` is missing.
    at ar (/home/backend2/sites/sectiones/.next/dev/server/chunks/ssr/generated_client_runtime_client_0qwbaiu.js:2116:11)
    at zr.handleRequestError (/home/backend2/sites/sectiones/.next/dev/server/chunks/ssr/generated_client_runtime_client_0qwbaiu.js:7500:13)
    at zr.handleAndLogRequestError (/home/backend2/sites/sectiones/.next/dev/server/chunks/ssr/generated_client_runtime_client_0qwbaiu.js:7487:18)
    at zr.request (/home/backend2/sites/sectiones/.next/dev/server/chunks/ssr/generated_client_runtime_client_0qwbaiu.js:7468:18)
    at process.processTicksAndRejections (node:internal/process/task_queues:103:5)
    at async a (/home/backend2/sites/sectiones/.next/dev/server/chunks/ssr/generated_client_runtime_client_0qwbaiu.js:8167:25)
    at async Module.upsertRolePermission (/home/backend2/sites/sectiones/.next/dev/server/chunks/ssr/_1i16vbk._.js:127:5)
    at async rolePermissionUpsert (/home/backend2/sites/sectiones/.next/dev/server/chunks/ssr/_1i16vbk._.js:324:42)
    at async executeActionAndPrepareForRender (/home/backend2/sites/sectiones/node_modules/next/dist/compiled/next-server/app-page-turbo.runtime.dev.js:64:5248)
    at async /home/backend2/sites/sectiones/node_modules/next/dist/compiled/next-server/app-page-turbo.runtime.dev.js:64:1986
    at async handleAction (/home/backend2/sites/sectiones/node_modules/next/dist/compiled/next-server/app-page-turbo.runtime.dev.js:62:25687)
    at async renderToHTMLOrFlightImpl (/home/backend2/sites/sectiones/node_modules/next/dist/compiled/next-server/app-page-turbo.runtime.dev.js:69:55695)
    at async doRender (/home/backend2/sites/sectiones/.next/dev/server/chunks/ssr/node_modules_next_dist_0fzk-50._.js:5170:28)
    at async AppPageRouteModule.handleResponse (/home/backend2/sites/sectiones/node_modules/next/dist/compiled/next-server/app-page-turbo.runtime.dev.js:71:66429)
    at async handleResponse (/home/backend2/sites/sectiones/.next/dev/server/chunks/ssr/node_modules_next_dist_0fzk-50._.js:5481:32)
    at async Module.handler (/home/backend2/sites/sectiones/.next/dev/server/chunks/ssr/node_modules_next_dist_0fzk-50._.js:5887:20)
    at async DevServer.renderToResponseWithComponentsImpl (/home/backend2/sites/sectiones/node_modules/next/dist/server/base-server.js:1462:9)
    at async DevServer.renderPageComponent (/home/backend2/sites/sectiones/node_modules/next/dist/server/base-server.js:1514:24)
    at async DevServer.renderToResponseImpl (/home/backend2/sites/sectiones/node_modules/next/dist/server/base-server.js:1564:32)
    at async DevServer.pipeImpl (/home/backend2/sites/sectiones/node_modules/next/dist/server/base-server.js:1044:25)
    at async NextNodeServer.handleCatchallRenderRequest (/home/backend2/sites/sectiones/node_modules/next/dist/server/next-server.js:338:17)
    at async DevServer.handleRequestImpl (/home/backend2/sites/sectiones/node_modules/next/dist/server/base-server.js:935:17)
    at async /home/backend2/sites/sectiones/node_modules/next/dist/server/dev/next-dev-server.js:394:20
    at async Span.traceAsyncFn (/home/backend2/sites/sectiones/node_modules/next/dist/trace/trace.js:164:20)
    at async DevServer.handleRequest (/home/backend2/sites/sectiones/node_modules/next/dist/server/dev/next-dev-server.js:390:24)
    at async invokeRender (/home/backend2/sites/sectiones/node_modules/next/dist/server/lib/router-server.js:266:21)
    at async handleRequest (/home/backend2/sites/sectiones/node_modules/next/dist/server/lib/router-server.js:465:24)
    at async requestHandlerImpl (/home/backend2/sites/sectiones/node_modules/next/dist/server/lib/router-server.js:514:13)
    at async Server.requestListener (/home/backend2/sites/sectiones/node_modules/next/dist/server/lib/start-server.js:225:13)


=================================================
Time    : 2026-07-20T03:56:20.095Z
Context : readUser
Message : Cannot read properties of undefined (reading 'role_id')
Stack   :
TypeError: Cannot read properties of undefined (reading 'role_id')
    at read (/home/backend2/sites/sectiones/.next/dev/server/chunks/ssr/_162u3l5._.js:256:51)
    at process.processTicksAndRejections (node:internal/process/task_queues:103:5)
    at async executeActionAndPrepareForRender (/home/backend2/sites/sectiones/node_modules/next/dist/compiled/next-server/app-page-turbo.runtime.dev.js:64:5248)
    at async /home/backend2/sites/sectiones/node_modules/next/dist/compiled/next-server/app-page-turbo.runtime.dev.js:64:1986
    at async handleAction (/home/backend2/sites/sectiones/node_modules/next/dist/compiled/next-server/app-page-turbo.runtime.dev.js:62:25687)
    at async renderToHTMLOrFlightImpl (/home/backend2/sites/sectiones/node_modules/next/dist/compiled/next-server/app-page-turbo.runtime.dev.js:69:55695)
    at async doRender (/home/backend2/sites/sectiones/.next/dev/server/chunks/ssr/node_modules_next_dist_0m28x6_._.js:5170:28)
    at async AppPageRouteModule.handleResponse (/home/backend2/sites/sectiones/node_modules/next/dist/compiled/next-server/app-page-turbo.runtime.dev.js:71:66429)
    at async handleResponse (/home/backend2/sites/sectiones/.next/dev/server/chunks/ssr/node_modules_next_dist_0m28x6_._.js:5481:32)
    at async Module.handler (/home/backend2/sites/sectiones/.next/dev/server/chunks/ssr/node_modules_next_dist_0m28x6_._.js:5887:20)
    at async DevServer.renderToResponseWithComponentsImpl (/home/backend2/sites/sectiones/node_modules/next/dist/server/base-server.js:1462:9)
    at async DevServer.renderPageComponent (/home/backend2/sites/sectiones/node_modules/next/dist/server/base-server.js:1514:24)
    at async DevServer.renderToResponseImpl (/home/backend2/sites/sectiones/node_modules/next/dist/server/base-server.js:1564:32)
    at async DevServer.pipeImpl (/home/backend2/sites/sectiones/node_modules/next/dist/server/base-server.js:1044:25)
    at async NextNodeServer.handleCatchallRenderRequest (/home/backend2/sites/sectiones/node_modules/next/dist/server/next-server.js:338:17)
    at async DevServer.handleRequestImpl (/home/backend2/sites/sectiones/node_modules/next/dist/server/base-server.js:935:17)
    at async /home/backend2/sites/sectiones/node_modules/next/dist/server/dev/next-dev-server.js:394:20
    at async Span.traceAsyncFn (/home/backend2/sites/sectiones/node_modules/next/dist/trace/trace.js:164:20)
    at async DevServer.handleRequest (/home/backend2/sites/sectiones/node_modules/next/dist/server/dev/next-dev-server.js:390:24)
    at async invokeRender (/home/backend2/sites/sectiones/node_modules/next/dist/server/lib/router-server.js:266:21)
    at async handleRequest (/home/backend2/sites/sectiones/node_modules/next/dist/server/lib/router-server.js:465:24)
    at async requestHandlerImpl (/home/backend2/sites/sectiones/node_modules/next/dist/server/lib/router-server.js:514:13)
    at async Server.requestListener (/home/backend2/sites/sectiones/node_modules/next/dist/server/lib/start-server.js:225:13)


=================================================
Time    : 2026-07-20T03:56:20.220Z
Context : readUser
Message : Cannot read properties of undefined (reading 'role_id')
Stack   :
TypeError: Cannot read properties of undefined (reading 'role_id')
    at read (/home/backend2/sites/sectiones/.next/dev/server/chunks/ssr/_162u3l5._.js:256:51)
    at process.processTicksAndRejections (node:internal/process/task_queues:103:5)
    at async executeActionAndPrepareForRender (/home/backend2/sites/sectiones/node_modules/next/dist/compiled/next-server/app-page-turbo.runtime.dev.js:64:5248)
    at async /home/backend2/sites/sectiones/node_modules/next/dist/compiled/next-server/app-page-turbo.runtime.dev.js:64:1986
    at async handleAction (/home/backend2/sites/sectiones/node_modules/next/dist/compiled/next-server/app-page-turbo.runtime.dev.js:62:25687)
    at async renderToHTMLOrFlightImpl (/home/backend2/sites/sectiones/node_modules/next/dist/compiled/next-server/app-page-turbo.runtime.dev.js:69:55695)
    at async doRender (/home/backend2/sites/sectiones/.next/dev/server/chunks/ssr/node_modules_next_dist_0m28x6_._.js:5170:28)
    at async AppPageRouteModule.handleResponse (/home/backend2/sites/sectiones/node_modules/next/dist/compiled/next-server/app-page-turbo.runtime.dev.js:71:66429)
    at async handleResponse (/home/backend2/sites/sectiones/.next/dev/server/chunks/ssr/node_modules_next_dist_0m28x6_._.js:5481:32)
    at async Module.handler (/home/backend2/sites/sectiones/.next/dev/server/chunks/ssr/node_modules_next_dist_0m28x6_._.js:5887:20)
    at async DevServer.renderToResponseWithComponentsImpl (/home/backend2/sites/sectiones/node_modules/next/dist/server/base-server.js:1462:9)
    at async DevServer.renderPageComponent (/home/backend2/sites/sectiones/node_modules/next/dist/server/base-server.js:1514:24)
    at async DevServer.renderToResponseImpl (/home/backend2/sites/sectiones/node_modules/next/dist/server/base-server.js:1564:32)
    at async DevServer.pipeImpl (/home/backend2/sites/sectiones/node_modules/next/dist/server/base-server.js:1044:25)
    at async NextNodeServer.handleCatchallRenderRequest (/home/backend2/sites/sectiones/node_modules/next/dist/server/next-server.js:338:17)
    at async DevServer.handleRequestImpl (/home/backend2/sites/sectiones/node_modules/next/dist/server/base-server.js:935:17)
    at async /home/backend2/sites/sectiones/node_modules/next/dist/server/dev/next-dev-server.js:394:20
    at async Span.traceAsyncFn (/home/backend2/sites/sectiones/node_modules/next/dist/trace/trace.js:164:20)
    at async DevServer.handleRequest (/home/backend2/sites/sectiones/node_modules/next/dist/server/dev/next-dev-server.js:390:24)
    at async invokeRender (/home/backend2/sites/sectiones/node_modules/next/dist/server/lib/router-server.js:266:21)
    at async handleRequest (/home/backend2/sites/sectiones/node_modules/next/dist/server/lib/router-server.js:465:24)
    at async requestHandlerImpl (/home/backend2/sites/sectiones/node_modules/next/dist/server/lib/router-server.js:514:13)
    at async Server.requestListener (/home/backend2/sites/sectiones/node_modules/next/dist/server/lib/start-server.js:225:13)


=================================================
Time    : 2026-07-20T03:58:56.472Z
Context : readUser
Message : Cannot read properties of undefined (reading 'role_id')
Stack   :
TypeError: Cannot read properties of undefined (reading 'role_id')
    at read (/home/backend2/sites/sectiones/.next/dev/server/chunks/ssr/_162u3l5._.js:256:51)
    at process.processTicksAndRejections (node:internal/process/task_queues:103:5)
    at async executeActionAndPrepareForRender (/home/backend2/sites/sectiones/node_modules/next/dist/compiled/next-server/app-page-turbo.runtime.dev.js:64:5248)
    at async /home/backend2/sites/sectiones/node_modules/next/dist/compiled/next-server/app-page-turbo.runtime.dev.js:64:1986
    at async handleAction (/home/backend2/sites/sectiones/node_modules/next/dist/compiled/next-server/app-page-turbo.runtime.dev.js:62:25687)
    at async renderToHTMLOrFlightImpl (/home/backend2/sites/sectiones/node_modules/next/dist/compiled/next-server/app-page-turbo.runtime.dev.js:69:55695)
    at async doRender (/home/backend2/sites/sectiones/.next/dev/server/chunks/ssr/node_modules_next_dist_0m28x6_._.js:5170:28)
    at async AppPageRouteModule.handleResponse (/home/backend2/sites/sectiones/node_modules/next/dist/compiled/next-server/app-page-turbo.runtime.dev.js:71:66429)
    at async handleResponse (/home/backend2/sites/sectiones/.next/dev/server/chunks/ssr/node_modules_next_dist_0m28x6_._.js:5481:32)
    at async Module.handler (/home/backend2/sites/sectiones/.next/dev/server/chunks/ssr/node_modules_next_dist_0m28x6_._.js:5887:20)
    at async DevServer.renderToResponseWithComponentsImpl (/home/backend2/sites/sectiones/node_modules/next/dist/server/base-server.js:1462:9)
    at async DevServer.renderPageComponent (/home/backend2/sites/sectiones/node_modules/next/dist/server/base-server.js:1514:24)
    at async DevServer.renderToResponseImpl (/home/backend2/sites/sectiones/node_modules/next/dist/server/base-server.js:1564:32)
    at async DevServer.pipeImpl (/home/backend2/sites/sectiones/node_modules/next/dist/server/base-server.js:1044:25)
    at async NextNodeServer.handleCatchallRenderRequest (/home/backend2/sites/sectiones/node_modules/next/dist/server/next-server.js:338:17)
    at async DevServer.handleRequestImpl (/home/backend2/sites/sectiones/node_modules/next/dist/server/base-server.js:935:17)
    at async /home/backend2/sites/sectiones/node_modules/next/dist/server/dev/next-dev-server.js:394:20
    at async Span.traceAsyncFn (/home/backend2/sites/sectiones/node_modules/next/dist/trace/trace.js:164:20)
    at async DevServer.handleRequest (/home/backend2/sites/sectiones/node_modules/next/dist/server/dev/next-dev-server.js:390:24)
    at async invokeRender (/home/backend2/sites/sectiones/node_modules/next/dist/server/lib/router-server.js:266:21)
    at async handleRequest (/home/backend2/sites/sectiones/node_modules/next/dist/server/lib/router-server.js:465:24)
    at async requestHandlerImpl (/home/backend2/sites/sectiones/node_modules/next/dist/server/lib/router-server.js:514:13)
    at async Server.requestListener (/home/backend2/sites/sectiones/node_modules/next/dist/server/lib/start-server.js:225:13)


=================================================
Time    : 2026-07-20T04:09:39.472Z
Context : readUser
Message : Cannot read properties of undefined (reading 'role_id')
Stack   :
TypeError: Cannot read properties of undefined (reading 'role_id')
    at read (/home/backend2/sites/sectiones/.next/dev/server/chunks/ssr/_162u3l5._.js:256:51)
    at process.processTicksAndRejections (node:internal/process/task_queues:103:5)
    at async executeActionAndPrepareForRender (/home/backend2/sites/sectiones/node_modules/next/dist/compiled/next-server/app-page-turbo.runtime.dev.js:64:5248)
    at async /home/backend2/sites/sectiones/node_modules/next/dist/compiled/next-server/app-page-turbo.runtime.dev.js:64:1986
    at async handleAction (/home/backend2/sites/sectiones/node_modules/next/dist/compiled/next-server/app-page-turbo.runtime.dev.js:62:25687)
    at async renderToHTMLOrFlightImpl (/home/backend2/sites/sectiones/node_modules/next/dist/compiled/next-server/app-page-turbo.runtime.dev.js:69:55695)
    at async doRender (/home/backend2/sites/sectiones/.next/dev/server/chunks/ssr/node_modules_next_dist_0m28x6_._.js:5170:28)
    at async AppPageRouteModule.handleResponse (/home/backend2/sites/sectiones/node_modules/next/dist/compiled/next-server/app-page-turbo.runtime.dev.js:71:66429)
    at async handleResponse (/home/backend2/sites/sectiones/.next/dev/server/chunks/ssr/node_modules_next_dist_0m28x6_._.js:5481:32)
    at async Module.handler (/home/backend2/sites/sectiones/.next/dev/server/chunks/ssr/node_modules_next_dist_0m28x6_._.js:5887:20)
    at async DevServer.renderToResponseWithComponentsImpl (/home/backend2/sites/sectiones/node_modules/next/dist/server/base-server.js:1462:9)
    at async DevServer.renderPageComponent (/home/backend2/sites/sectiones/node_modules/next/dist/server/base-server.js:1514:24)
    at async DevServer.renderToResponseImpl (/home/backend2/sites/sectiones/node_modules/next/dist/server/base-server.js:1564:32)
    at async DevServer.pipeImpl (/home/backend2/sites/sectiones/node_modules/next/dist/server/base-server.js:1044:25)
    at async NextNodeServer.handleCatchallRenderRequest (/home/backend2/sites/sectiones/node_modules/next/dist/server/next-server.js:338:17)
    at async DevServer.handleRequestImpl (/home/backend2/sites/sectiones/node_modules/next/dist/server/base-server.js:935:17)
    at async /home/backend2/sites/sectiones/node_modules/next/dist/server/dev/next-dev-server.js:394:20
    at async Span.traceAsyncFn (/home/backend2/sites/sectiones/node_modules/next/dist/trace/trace.js:164:20)
    at async DevServer.handleRequest (/home/backend2/sites/sectiones/node_modules/next/dist/server/dev/next-dev-server.js:390:24)
    at async invokeRender (/home/backend2/sites/sectiones/node_modules/next/dist/server/lib/router-server.js:266:21)
    at async handleRequest (/home/backend2/sites/sectiones/node_modules/next/dist/server/lib/router-server.js:465:24)
    at async requestHandlerImpl (/home/backend2/sites/sectiones/node_modules/next/dist/server/lib/router-server.js:514:13)
    at async Server.requestListener (/home/backend2/sites/sectiones/node_modules/next/dist/server/lib/start-server.js:225:13)


=================================================
Time    : 2026-07-20T04:09:55.827Z
Context : readUser
Message : Cannot read properties of undefined (reading 'role_id')
Stack   :
TypeError: Cannot read properties of undefined (reading 'role_id')
    at read (/home/backend2/sites/sectiones/.next/dev/server/chunks/ssr/_162u3l5._.js:256:51)
    at process.processTicksAndRejections (node:internal/process/task_queues:103:5)
    at async executeActionAndPrepareForRender (/home/backend2/sites/sectiones/node_modules/next/dist/compiled/next-server/app-page-turbo.runtime.dev.js:64:5248)
    at async /home/backend2/sites/sectiones/node_modules/next/dist/compiled/next-server/app-page-turbo.runtime.dev.js:64:1986
    at async handleAction (/home/backend2/sites/sectiones/node_modules/next/dist/compiled/next-server/app-page-turbo.runtime.dev.js:62:25687)
    at async renderToHTMLOrFlightImpl (/home/backend2/sites/sectiones/node_modules/next/dist/compiled/next-server/app-page-turbo.runtime.dev.js:69:55695)
    at async doRender (/home/backend2/sites/sectiones/.next/dev/server/chunks/ssr/node_modules_next_dist_0m28x6_._.js:5170:28)
    at async AppPageRouteModule.handleResponse (/home/backend2/sites/sectiones/node_modules/next/dist/compiled/next-server/app-page-turbo.runtime.dev.js:71:66429)
    at async handleResponse (/home/backend2/sites/sectiones/.next/dev/server/chunks/ssr/node_modules_next_dist_0m28x6_._.js:5481:32)
    at async Module.handler (/home/backend2/sites/sectiones/.next/dev/server/chunks/ssr/node_modules_next_dist_0m28x6_._.js:5887:20)
    at async DevServer.renderToResponseWithComponentsImpl (/home/backend2/sites/sectiones/node_modules/next/dist/server/base-server.js:1462:9)
    at async DevServer.renderPageComponent (/home/backend2/sites/sectiones/node_modules/next/dist/server/base-server.js:1514:24)
    at async DevServer.renderToResponseImpl (/home/backend2/sites/sectiones/node_modules/next/dist/server/base-server.js:1564:32)
    at async DevServer.pipeImpl (/home/backend2/sites/sectiones/node_modules/next/dist/server/base-server.js:1044:25)
    at async NextNodeServer.handleCatchallRenderRequest (/home/backend2/sites/sectiones/node_modules/next/dist/server/next-server.js:338:17)
    at async DevServer.handleRequestImpl (/home/backend2/sites/sectiones/node_modules/next/dist/server/base-server.js:935:17)
    at async /home/backend2/sites/sectiones/node_modules/next/dist/server/dev/next-dev-server.js:394:20
    at async Span.traceAsyncFn (/home/backend2/sites/sectiones/node_modules/next/dist/trace/trace.js:164:20)
    at async DevServer.handleRequest (/home/backend2/sites/sectiones/node_modules/next/dist/server/dev/next-dev-server.js:390:24)
    at async invokeRender (/home/backend2/sites/sectiones/node_modules/next/dist/server/lib/router-server.js:266:21)
    at async handleRequest (/home/backend2/sites/sectiones/node_modules/next/dist/server/lib/router-server.js:465:24)
    at async requestHandlerImpl (/home/backend2/sites/sectiones/node_modules/next/dist/server/lib/router-server.js:514:13)
    at async Server.requestListener (/home/backend2/sites/sectiones/node_modules/next/dist/server/lib/start-server.js:225:13)


=================================================
Time    : 2026-07-20T04:16:16.951Z
Context : readUser
Message : Cannot read properties of undefined (reading 'role_id')
Stack   :
TypeError: Cannot read properties of undefined (reading 'role_id')
    at read (/home/backend2/sites/sectiones/.next/dev/server/chunks/ssr/_162u3l5._.js:256:51)
    at process.processTicksAndRejections (node:internal/process/task_queues:103:5)
    at async executeActionAndPrepareForRender (/home/backend2/sites/sectiones/node_modules/next/dist/compiled/next-server/app-page-turbo.runtime.dev.js:64:5248)
    at async /home/backend2/sites/sectiones/node_modules/next/dist/compiled/next-server/app-page-turbo.runtime.dev.js:64:1986
    at async handleAction (/home/backend2/sites/sectiones/node_modules/next/dist/compiled/next-server/app-page-turbo.runtime.dev.js:62:25687)
    at async renderToHTMLOrFlightImpl (/home/backend2/sites/sectiones/node_modules/next/dist/compiled/next-server/app-page-turbo.runtime.dev.js:69:55695)
    at async doRender (/home/backend2/sites/sectiones/.next/dev/server/chunks/ssr/node_modules_next_dist_0m28x6_._.js:5170:28)
    at async AppPageRouteModule.handleResponse (/home/backend2/sites/sectiones/node_modules/next/dist/compiled/next-server/app-page-turbo.runtime.dev.js:71:66429)
    at async handleResponse (/home/backend2/sites/sectiones/.next/dev/server/chunks/ssr/node_modules_next_dist_0m28x6_._.js:5481:32)
    at async Module.handler (/home/backend2/sites/sectiones/.next/dev/server/chunks/ssr/node_modules_next_dist_0m28x6_._.js:5887:20)
    at async DevServer.renderToResponseWithComponentsImpl (/home/backend2/sites/sectiones/node_modules/next/dist/server/base-server.js:1462:9)
    at async DevServer.renderPageComponent (/home/backend2/sites/sectiones/node_modules/next/dist/server/base-server.js:1514:24)
    at async DevServer.renderToResponseImpl (/home/backend2/sites/sectiones/node_modules/next/dist/server/base-server.js:1564:32)
    at async DevServer.pipeImpl (/home/backend2/sites/sectiones/node_modules/next/dist/server/base-server.js:1044:25)
    at async NextNodeServer.handleCatchallRenderRequest (/home/backend2/sites/sectiones/node_modules/next/dist/server/next-server.js:338:17)
    at async DevServer.handleRequestImpl (/home/backend2/sites/sectiones/node_modules/next/dist/server/base-server.js:935:17)
    at async /home/backend2/sites/sectiones/node_modules/next/dist/server/dev/next-dev-server.js:394:20
    at async Span.traceAsyncFn (/home/backend2/sites/sectiones/node_modules/next/dist/trace/trace.js:164:20)
    at async DevServer.handleRequest (/home/backend2/sites/sectiones/node_modules/next/dist/server/dev/next-dev-server.js:390:24)
    at async invokeRender (/home/backend2/sites/sectiones/node_modules/next/dist/server/lib/router-server.js:266:21)
    at async handleRequest (/home/backend2/sites/sectiones/node_modules/next/dist/server/lib/router-server.js:465:24)
    at async requestHandlerImpl (/home/backend2/sites/sectiones/node_modules/next/dist/server/lib/router-server.js:514:13)
    at async Server.requestListener (/home/backend2/sites/sectiones/node_modules/next/dist/server/lib/start-server.js:225:13)


=================================================
Time    : 2026-07-20T04:16:17.107Z
Context : readUser
Message : Cannot read properties of undefined (reading 'role_id')
Stack   :
TypeError: Cannot read properties of undefined (reading 'role_id')
    at read (/home/backend2/sites/sectiones/.next/dev/server/chunks/ssr/_162u3l5._.js:256:51)
    at process.processTicksAndRejections (node:internal/process/task_queues:103:5)
    at async executeActionAndPrepareForRender (/home/backend2/sites/sectiones/node_modules/next/dist/compiled/next-server/app-page-turbo.runtime.dev.js:64:5248)
    at async /home/backend2/sites/sectiones/node_modules/next/dist/compiled/next-server/app-page-turbo.runtime.dev.js:64:1986
    at async handleAction (/home/backend2/sites/sectiones/node_modules/next/dist/compiled/next-server/app-page-turbo.runtime.dev.js:62:25687)
    at async renderToHTMLOrFlightImpl (/home/backend2/sites/sectiones/node_modules/next/dist/compiled/next-server/app-page-turbo.runtime.dev.js:69:55695)
    at async doRender (/home/backend2/sites/sectiones/.next/dev/server/chunks/ssr/node_modules_next_dist_0m28x6_._.js:5170:28)
    at async AppPageRouteModule.handleResponse (/home/backend2/sites/sectiones/node_modules/next/dist/compiled/next-server/app-page-turbo.runtime.dev.js:71:66429)
    at async handleResponse (/home/backend2/sites/sectiones/.next/dev/server/chunks/ssr/node_modules_next_dist_0m28x6_._.js:5481:32)
    at async Module.handler (/home/backend2/sites/sectiones/.next/dev/server/chunks/ssr/node_modules_next_dist_0m28x6_._.js:5887:20)
    at async DevServer.renderToResponseWithComponentsImpl (/home/backend2/sites/sectiones/node_modules/next/dist/server/base-server.js:1462:9)
    at async DevServer.renderPageComponent (/home/backend2/sites/sectiones/node_modules/next/dist/server/base-server.js:1514:24)
    at async DevServer.renderToResponseImpl (/home/backend2/sites/sectiones/node_modules/next/dist/server/base-server.js:1564:32)
    at async DevServer.pipeImpl (/home/backend2/sites/sectiones/node_modules/next/dist/server/base-server.js:1044:25)
    at async NextNodeServer.handleCatchallRenderRequest (/home/backend2/sites/sectiones/node_modules/next/dist/server/next-server.js:338:17)
    at async DevServer.handleRequestImpl (/home/backend2/sites/sectiones/node_modules/next/dist/server/base-server.js:935:17)
    at async /home/backend2/sites/sectiones/node_modules/next/dist/server/dev/next-dev-server.js:394:20
    at async Span.traceAsyncFn (/home/backend2/sites/sectiones/node_modules/next/dist/trace/trace.js:164:20)
    at async DevServer.handleRequest (/home/backend2/sites/sectiones/node_modules/next/dist/server/dev/next-dev-server.js:390:24)
    at async invokeRender (/home/backend2/sites/sectiones/node_modules/next/dist/server/lib/router-server.js:266:21)
    at async handleRequest (/home/backend2/sites/sectiones/node_modules/next/dist/server/lib/router-server.js:465:24)
    at async requestHandlerImpl (/home/backend2/sites/sectiones/node_modules/next/dist/server/lib/router-server.js:514:13)
    at async Server.requestListener (/home/backend2/sites/sectiones/node_modules/next/dist/server/lib/start-server.js:225:13)


=================================================
Time    : 2026-07-20T04:16:58.797Z
Context : readUser
Message : Cannot read properties of undefined (reading 'role_id')
Stack   :
TypeError: Cannot read properties of undefined (reading 'role_id')
    at read (/home/backend2/sites/sectiones/.next/dev/server/chunks/ssr/_162u3l5._.js:256:51)
    at process.processTicksAndRejections (node:internal/process/task_queues:103:5)
    at async executeActionAndPrepareForRender (/home/backend2/sites/sectiones/node_modules/next/dist/compiled/next-server/app-page-turbo.runtime.dev.js:64:5248)
    at async /home/backend2/sites/sectiones/node_modules/next/dist/compiled/next-server/app-page-turbo.runtime.dev.js:64:1986
    at async handleAction (/home/backend2/sites/sectiones/node_modules/next/dist/compiled/next-server/app-page-turbo.runtime.dev.js:62:25687)
    at async renderToHTMLOrFlightImpl (/home/backend2/sites/sectiones/node_modules/next/dist/compiled/next-server/app-page-turbo.runtime.dev.js:69:55695)
    at async doRender (/home/backend2/sites/sectiones/.next/dev/server/chunks/ssr/node_modules_next_dist_0m28x6_._.js:5170:28)
    at async AppPageRouteModule.handleResponse (/home/backend2/sites/sectiones/node_modules/next/dist/compiled/next-server/app-page-turbo.runtime.dev.js:71:66429)
    at async handleResponse (/home/backend2/sites/sectiones/.next/dev/server/chunks/ssr/node_modules_next_dist_0m28x6_._.js:5481:32)
    at async Module.handler (/home/backend2/sites/sectiones/.next/dev/server/chunks/ssr/node_modules_next_dist_0m28x6_._.js:5887:20)
    at async DevServer.renderToResponseWithComponentsImpl (/home/backend2/sites/sectiones/node_modules/next/dist/server/base-server.js:1462:9)
    at async DevServer.renderPageComponent (/home/backend2/sites/sectiones/node_modules/next/dist/server/base-server.js:1514:24)
    at async DevServer.renderToResponseImpl (/home/backend2/sites/sectiones/node_modules/next/dist/server/base-server.js:1564:32)
    at async DevServer.pipeImpl (/home/backend2/sites/sectiones/node_modules/next/dist/server/base-server.js:1044:25)
    at async NextNodeServer.handleCatchallRenderRequest (/home/backend2/sites/sectiones/node_modules/next/dist/server/next-server.js:338:17)
    at async DevServer.handleRequestImpl (/home/backend2/sites/sectiones/node_modules/next/dist/server/base-server.js:935:17)
    at async /home/backend2/sites/sectiones/node_modules/next/dist/server/dev/next-dev-server.js:394:20
    at async Span.traceAsyncFn (/home/backend2/sites/sectiones/node_modules/next/dist/trace/trace.js:164:20)
    at async DevServer.handleRequest (/home/backend2/sites/sectiones/node_modules/next/dist/server/dev/next-dev-server.js:390:24)
    at async invokeRender (/home/backend2/sites/sectiones/node_modules/next/dist/server/lib/router-server.js:266:21)
    at async handleRequest (/home/backend2/sites/sectiones/node_modules/next/dist/server/lib/router-server.js:465:24)
    at async requestHandlerImpl (/home/backend2/sites/sectiones/node_modules/next/dist/server/lib/router-server.js:514:13)
    at async Server.requestListener (/home/backend2/sites/sectiones/node_modules/next/dist/server/lib/start-server.js:225:13)


=================================================
Time    : 2026-07-20T04:17:41.686Z
Context : readUser
Message : Cannot read properties of undefined (reading 'role_id')
Stack   :
TypeError: Cannot read properties of undefined (reading 'role_id')
    at read (/home/backend2/sites/sectiones/.next/dev/server/chunks/ssr/_162u3l5._.js:256:51)
    at process.processTicksAndRejections (node:internal/process/task_queues:103:5)
    at async executeActionAndPrepareForRender (/home/backend2/sites/sectiones/node_modules/next/dist/compiled/next-server/app-page-turbo.runtime.dev.js:64:5248)
    at async /home/backend2/sites/sectiones/node_modules/next/dist/compiled/next-server/app-page-turbo.runtime.dev.js:64:1986
    at async handleAction (/home/backend2/sites/sectiones/node_modules/next/dist/compiled/next-server/app-page-turbo.runtime.dev.js:62:25687)
    at async renderToHTMLOrFlightImpl (/home/backend2/sites/sectiones/node_modules/next/dist/compiled/next-server/app-page-turbo.runtime.dev.js:69:55695)
    at async doRender (/home/backend2/sites/sectiones/.next/dev/server/chunks/ssr/node_modules_next_dist_0m28x6_._.js:5170:28)
    at async AppPageRouteModule.handleResponse (/home/backend2/sites/sectiones/node_modules/next/dist/compiled/next-server/app-page-turbo.runtime.dev.js:71:66429)
    at async handleResponse (/home/backend2/sites/sectiones/.next/dev/server/chunks/ssr/node_modules_next_dist_0m28x6_._.js:5481:32)
    at async Module.handler (/home/backend2/sites/sectiones/.next/dev/server/chunks/ssr/node_modules_next_dist_0m28x6_._.js:5887:20)
    at async DevServer.renderToResponseWithComponentsImpl (/home/backend2/sites/sectiones/node_modules/next/dist/server/base-server.js:1462:9)
    at async DevServer.renderPageComponent (/home/backend2/sites/sectiones/node_modules/next/dist/server/base-server.js:1514:24)
    at async DevServer.renderToResponseImpl (/home/backend2/sites/sectiones/node_modules/next/dist/server/base-server.js:1564:32)
    at async DevServer.pipeImpl (/home/backend2/sites/sectiones/node_modules/next/dist/server/base-server.js:1044:25)
    at async NextNodeServer.handleCatchallRenderRequest (/home/backend2/sites/sectiones/node_modules/next/dist/server/next-server.js:338:17)
    at async DevServer.handleRequestImpl (/home/backend2/sites/sectiones/node_modules/next/dist/server/base-server.js:935:17)
    at async /home/backend2/sites/sectiones/node_modules/next/dist/server/dev/next-dev-server.js:394:20
    at async Span.traceAsyncFn (/home/backend2/sites/sectiones/node_modules/next/dist/trace/trace.js:164:20)
    at async DevServer.handleRequest (/home/backend2/sites/sectiones/node_modules/next/dist/server/dev/next-dev-server.js:390:24)
    at async invokeRender (/home/backend2/sites/sectiones/node_modules/next/dist/server/lib/router-server.js:266:21)
    at async handleRequest (/home/backend2/sites/sectiones/node_modules/next/dist/server/lib/router-server.js:465:24)
    at async requestHandlerImpl (/home/backend2/sites/sectiones/node_modules/next/dist/server/lib/router-server.js:514:13)
    at async Server.requestListener (/home/backend2/sites/sectiones/node_modules/next/dist/server/lib/start-server.js:225:13)


=================================================
Time    : 2026-07-20T04:18:03.243Z
Context : readUser
Message : Cannot read properties of undefined (reading 'role_id')
Stack   :
TypeError: Cannot read properties of undefined (reading 'role_id')
    at read (/home/backend2/sites/sectiones/.next/dev/server/chunks/ssr/_162u3l5._.js:256:51)
    at process.processTicksAndRejections (node:internal/process/task_queues:103:5)
    at async executeActionAndPrepareForRender (/home/backend2/sites/sectiones/node_modules/next/dist/compiled/next-server/app-page-turbo.runtime.dev.js:64:5248)
    at async /home/backend2/sites/sectiones/node_modules/next/dist/compiled/next-server/app-page-turbo.runtime.dev.js:64:1986
    at async handleAction (/home/backend2/sites/sectiones/node_modules/next/dist/compiled/next-server/app-page-turbo.runtime.dev.js:62:25687)
    at async renderToHTMLOrFlightImpl (/home/backend2/sites/sectiones/node_modules/next/dist/compiled/next-server/app-page-turbo.runtime.dev.js:69:55695)
    at async doRender (/home/backend2/sites/sectiones/.next/dev/server/chunks/ssr/node_modules_next_dist_0m28x6_._.js:5170:28)
    at async AppPageRouteModule.handleResponse (/home/backend2/sites/sectiones/node_modules/next/dist/compiled/next-server/app-page-turbo.runtime.dev.js:71:66429)
    at async handleResponse (/home/backend2/sites/sectiones/.next/dev/server/chunks/ssr/node_modules_next_dist_0m28x6_._.js:5481:32)
    at async Module.handler (/home/backend2/sites/sectiones/.next/dev/server/chunks/ssr/node_modules_next_dist_0m28x6_._.js:5887:20)
    at async DevServer.renderToResponseWithComponentsImpl (/home/backend2/sites/sectiones/node_modules/next/dist/server/base-server.js:1462:9)
    at async DevServer.renderPageComponent (/home/backend2/sites/sectiones/node_modules/next/dist/server/base-server.js:1514:24)
    at async DevServer.renderToResponseImpl (/home/backend2/sites/sectiones/node_modules/next/dist/server/base-server.js:1564:32)
    at async DevServer.pipeImpl (/home/backend2/sites/sectiones/node_modules/next/dist/server/base-server.js:1044:25)
    at async NextNodeServer.handleCatchallRenderRequest (/home/backend2/sites/sectiones/node_modules/next/dist/server/next-server.js:338:17)
    at async DevServer.handleRequestImpl (/home/backend2/sites/sectiones/node_modules/next/dist/server/base-server.js:935:17)
    at async /home/backend2/sites/sectiones/node_modules/next/dist/server/dev/next-dev-server.js:394:20
    at async Span.traceAsyncFn (/home/backend2/sites/sectiones/node_modules/next/dist/trace/trace.js:164:20)
    at async DevServer.handleRequest (/home/backend2/sites/sectiones/node_modules/next/dist/server/dev/next-dev-server.js:390:24)
    at async invokeRender (/home/backend2/sites/sectiones/node_modules/next/dist/server/lib/router-server.js:266:21)
    at async handleRequest (/home/backend2/sites/sectiones/node_modules/next/dist/server/lib/router-server.js:465:24)
    at async requestHandlerImpl (/home/backend2/sites/sectiones/node_modules/next/dist/server/lib/router-server.js:514:13)
    at async Server.requestListener (/home/backend2/sites/sectiones/node_modules/next/dist/server/lib/start-server.js:225:13)


=================================================
Time    : 2026-07-20T04:18:03.502Z
Context : readUser
Message : Cannot read properties of undefined (reading 'role_id')
Stack   :
TypeError: Cannot read properties of undefined (reading 'role_id')
    at read (/home/backend2/sites/sectiones/.next/dev/server/chunks/ssr/_162u3l5._.js:256:51)
    at process.processTicksAndRejections (node:internal/process/task_queues:103:5)
    at async executeActionAndPrepareForRender (/home/backend2/sites/sectiones/node_modules/next/dist/compiled/next-server/app-page-turbo.runtime.dev.js:64:5248)
    at async /home/backend2/sites/sectiones/node_modules/next/dist/compiled/next-server/app-page-turbo.runtime.dev.js:64:1986
    at async handleAction (/home/backend2/sites/sectiones/node_modules/next/dist/compiled/next-server/app-page-turbo.runtime.dev.js:62:25687)
    at async renderToHTMLOrFlightImpl (/home/backend2/sites/sectiones/node_modules/next/dist/compiled/next-server/app-page-turbo.runtime.dev.js:69:55695)
    at async doRender (/home/backend2/sites/sectiones/.next/dev/server/chunks/ssr/node_modules_next_dist_0m28x6_._.js:5170:28)
    at async AppPageRouteModule.handleResponse (/home/backend2/sites/sectiones/node_modules/next/dist/compiled/next-server/app-page-turbo.runtime.dev.js:71:66429)
    at async handleResponse (/home/backend2/sites/sectiones/.next/dev/server/chunks/ssr/node_modules_next_dist_0m28x6_._.js:5481:32)
    at async Module.handler (/home/backend2/sites/sectiones/.next/dev/server/chunks/ssr/node_modules_next_dist_0m28x6_._.js:5887:20)
    at async DevServer.renderToResponseWithComponentsImpl (/home/backend2/sites/sectiones/node_modules/next/dist/server/base-server.js:1462:9)
    at async DevServer.renderPageComponent (/home/backend2/sites/sectiones/node_modules/next/dist/server/base-server.js:1514:24)
    at async DevServer.renderToResponseImpl (/home/backend2/sites/sectiones/node_modules/next/dist/server/base-server.js:1564:32)
    at async DevServer.pipeImpl (/home/backend2/sites/sectiones/node_modules/next/dist/server/base-server.js:1044:25)
    at async NextNodeServer.handleCatchallRenderRequest (/home/backend2/sites/sectiones/node_modules/next/dist/server/next-server.js:338:17)
    at async DevServer.handleRequestImpl (/home/backend2/sites/sectiones/node_modules/next/dist/server/base-server.js:935:17)
    at async /home/backend2/sites/sectiones/node_modules/next/dist/server/dev/next-dev-server.js:394:20
    at async Span.traceAsyncFn (/home/backend2/sites/sectiones/node_modules/next/dist/trace/trace.js:164:20)
    at async DevServer.handleRequest (/home/backend2/sites/sectiones/node_modules/next/dist/server/dev/next-dev-server.js:390:24)
    at async invokeRender (/home/backend2/sites/sectiones/node_modules/next/dist/server/lib/router-server.js:266:21)
    at async handleRequest (/home/backend2/sites/sectiones/node_modules/next/dist/server/lib/router-server.js:465:24)
    at async requestHandlerImpl (/home/backend2/sites/sectiones/node_modules/next/dist/server/lib/router-server.js:514:13)
    at async Server.requestListener (/home/backend2/sites/sectiones/node_modules/next/dist/server/lib/start-server.js:225:13)


=================================================
Time    : 2026-07-20T04:18:54.102Z
Context : upsertUserRole
Message : Cannot read properties of null (reading 'role_id')
Stack   :
TypeError: Cannot read properties of null (reading 'role_id')
    at Module.upsertUserRole (/home/backend2/sites/sectiones/.next/dev/server/chunks/ssr/_162u3l5._.js:139:34)
    at process.processTicksAndRejections (node:internal/process/task_queues:103:5)
    at async upsertUserRole (/home/backend2/sites/sectiones/.next/dev/server/chunks/ssr/_162u3l5._.js:319:36)
    at async executeActionAndPrepareForRender (/home/backend2/sites/sectiones/node_modules/next/dist/compiled/next-server/app-page-turbo.runtime.dev.js:64:5248)
    at async /home/backend2/sites/sectiones/node_modules/next/dist/compiled/next-server/app-page-turbo.runtime.dev.js:64:1986
    at async handleAction (/home/backend2/sites/sectiones/node_modules/next/dist/compiled/next-server/app-page-turbo.runtime.dev.js:62:25687)
    at async renderToHTMLOrFlightImpl (/home/backend2/sites/sectiones/node_modules/next/dist/compiled/next-server/app-page-turbo.runtime.dev.js:69:55695)
    at async doRender (/home/backend2/sites/sectiones/.next/dev/server/chunks/ssr/node_modules_next_dist_0m28x6_._.js:5170:28)
    at async AppPageRouteModule.handleResponse (/home/backend2/sites/sectiones/node_modules/next/dist/compiled/next-server/app-page-turbo.runtime.dev.js:71:66429)
    at async handleResponse (/home/backend2/sites/sectiones/.next/dev/server/chunks/ssr/node_modules_next_dist_0m28x6_._.js:5481:32)
    at async Module.handler (/home/backend2/sites/sectiones/.next/dev/server/chunks/ssr/node_modules_next_dist_0m28x6_._.js:5887:20)
    at async DevServer.renderToResponseWithComponentsImpl (/home/backend2/sites/sectiones/node_modules/next/dist/server/base-server.js:1462:9)
    at async DevServer.renderPageComponent (/home/backend2/sites/sectiones/node_modules/next/dist/server/base-server.js:1514:24)
    at async DevServer.renderToResponseImpl (/home/backend2/sites/sectiones/node_modules/next/dist/server/base-server.js:1564:32)
    at async DevServer.pipeImpl (/home/backend2/sites/sectiones/node_modules/next/dist/server/base-server.js:1044:25)
    at async NextNodeServer.handleCatchallRenderRequest (/home/backend2/sites/sectiones/node_modules/next/dist/server/next-server.js:338:17)
    at async DevServer.handleRequestImpl (/home/backend2/sites/sectiones/node_modules/next/dist/server/base-server.js:935:17)
    at async /home/backend2/sites/sectiones/node_modules/next/dist/server/dev/next-dev-server.js:394:20
    at async Span.traceAsyncFn (/home/backend2/sites/sectiones/node_modules/next/dist/trace/trace.js:164:20)
    at async DevServer.handleRequest (/home/backend2/sites/sectiones/node_modules/next/dist/server/dev/next-dev-server.js:390:24)
    at async invokeRender (/home/backend2/sites/sectiones/node_modules/next/dist/server/lib/router-server.js:266:21)
    at async handleRequest (/home/backend2/sites/sectiones/node_modules/next/dist/server/lib/router-server.js:465:24)
    at async requestHandlerImpl (/home/backend2/sites/sectiones/node_modules/next/dist/server/lib/router-server.js:514:13)
    at async Server.requestListener (/home/backend2/sites/sectiones/node_modules/next/dist/server/lib/start-server.js:225:13)


=================================================
Time    : 2026-07-20T04:19:36.715Z
Context : readUser
Message : Cannot read properties of undefined (reading 'role_id')
Stack   :
TypeError: Cannot read properties of undefined (reading 'role_id')
    at read (/home/backend2/sites/sectiones/.next/dev/server/chunks/ssr/_162u3l5._.js:256:51)
    at process.processTicksAndRejections (node:internal/process/task_queues:103:5)
    at async executeActionAndPrepareForRender (/home/backend2/sites/sectiones/node_modules/next/dist/compiled/next-server/app-page-turbo.runtime.dev.js:64:5248)
    at async /home/backend2/sites/sectiones/node_modules/next/dist/compiled/next-server/app-page-turbo.runtime.dev.js:64:1986
    at async handleAction (/home/backend2/sites/sectiones/node_modules/next/dist/compiled/next-server/app-page-turbo.runtime.dev.js:62:25687)
    at async renderToHTMLOrFlightImpl (/home/backend2/sites/sectiones/node_modules/next/dist/compiled/next-server/app-page-turbo.runtime.dev.js:69:55695)
    at async doRender (/home/backend2/sites/sectiones/.next/dev/server/chunks/ssr/node_modules_next_dist_0m28x6_._.js:5170:28)
    at async AppPageRouteModule.handleResponse (/home/backend2/sites/sectiones/node_modules/next/dist/compiled/next-server/app-page-turbo.runtime.dev.js:71:66429)
    at async handleResponse (/home/backend2/sites/sectiones/.next/dev/server/chunks/ssr/node_modules_next_dist_0m28x6_._.js:5481:32)
    at async Module.handler (/home/backend2/sites/sectiones/.next/dev/server/chunks/ssr/node_modules_next_dist_0m28x6_._.js:5887:20)
    at async DevServer.renderToResponseWithComponentsImpl (/home/backend2/sites/sectiones/node_modules/next/dist/server/base-server.js:1462:9)
    at async DevServer.renderPageComponent (/home/backend2/sites/sectiones/node_modules/next/dist/server/base-server.js:1514:24)
    at async DevServer.renderToResponseImpl (/home/backend2/sites/sectiones/node_modules/next/dist/server/base-server.js:1564:32)
    at async DevServer.pipeImpl (/home/backend2/sites/sectiones/node_modules/next/dist/server/base-server.js:1044:25)
    at async NextNodeServer.handleCatchallRenderRequest (/home/backend2/sites/sectiones/node_modules/next/dist/server/next-server.js:338:17)
    at async DevServer.handleRequestImpl (/home/backend2/sites/sectiones/node_modules/next/dist/server/base-server.js:935:17)
    at async /home/backend2/sites/sectiones/node_modules/next/dist/server/dev/next-dev-server.js:394:20
    at async Span.traceAsyncFn (/home/backend2/sites/sectiones/node_modules/next/dist/trace/trace.js:164:20)
    at async DevServer.handleRequest (/home/backend2/sites/sectiones/node_modules/next/dist/server/dev/next-dev-server.js:390:24)
    at async invokeRender (/home/backend2/sites/sectiones/node_modules/next/dist/server/lib/router-server.js:266:21)
    at async handleRequest (/home/backend2/sites/sectiones/node_modules/next/dist/server/lib/router-server.js:465:24)
    at async requestHandlerImpl (/home/backend2/sites/sectiones/node_modules/next/dist/server/lib/router-server.js:514:13)
    at async Server.requestListener (/home/backend2/sites/sectiones/node_modules/next/dist/server/lib/start-server.js:225:13)

